###############################################################################
#
# IAR ELF Linker V9.10.2.313/W64 for ARM                  15/Nov/2021  09:13:50
# Copyright 2007-2021 IAR Systems AB.
#
#    Output file  =
#        D:\private\Konstantin\Documents\projects\2021.720\src\2172_smps_headlight\EWARM\2172_smps_headlight\Exe\2172_smps_headlight.out
#    Map file     =
#        D:\private\Konstantin\Documents\projects\2021.720\src\2172_smps_headlight\EWARM\2172_smps_headlight\List\2172_smps_headlight.map
#    Command line =
#        -f
#        D:\private\Konstantin\Documents\projects\2021.720\src\2172_smps_headlight\EWARM\2172_smps_headlight\Exe\2172_smps_headlight.out.rsp
#        (D:\private\Konstantin\Documents\projects\2021.720\src\2172_smps_headlight\EWARM\2172_smps_headlight\Obj\Application\User\Core\main.o
#        D:\private\Konstantin\Documents\projects\2021.720\src\2172_smps_headlight\EWARM\2172_smps_headlight\Obj\Application\EWARM\startup_stm32f042x6.o
#        D:\private\Konstantin\Documents\projects\2021.720\src\2172_smps_headlight\EWARM\2172_smps_headlight\Obj\Drivers\STM32F0xx_HAL_Driver\stm32f0xx_hal.o
#        D:\private\Konstantin\Documents\projects\2021.720\src\2172_smps_headlight\EWARM\2172_smps_headlight\Obj\Drivers\STM32F0xx_HAL_Driver\stm32f0xx_hal_adc.o
#        D:\private\Konstantin\Documents\projects\2021.720\src\2172_smps_headlight\EWARM\2172_smps_headlight\Obj\Drivers\STM32F0xx_HAL_Driver\stm32f0xx_hal_adc_ex.o
#        D:\private\Konstantin\Documents\projects\2021.720\src\2172_smps_headlight\EWARM\2172_smps_headlight\Obj\Drivers\STM32F0xx_HAL_Driver\stm32f0xx_hal_cortex.o
#        D:\private\Konstantin\Documents\projects\2021.720\src\2172_smps_headlight\EWARM\2172_smps_headlight\Obj\Drivers\STM32F0xx_HAL_Driver\stm32f0xx_hal_dma.o
#        D:\private\Konstantin\Documents\projects\2021.720\src\2172_smps_headlight\EWARM\2172_smps_headlight\Obj\Drivers\STM32F0xx_HAL_Driver\stm32f0xx_hal_exti.o
#        D:\private\Konstantin\Documents\projects\2021.720\src\2172_smps_headlight\EWARM\2172_smps_headlight\Obj\Drivers\STM32F0xx_HAL_Driver\stm32f0xx_hal_flash.o
#        D:\private\Konstantin\Documents\projects\2021.720\src\2172_smps_headlight\EWARM\2172_smps_headlight\Obj\Drivers\STM32F0xx_HAL_Driver\stm32f0xx_hal_flash_ex.o
#        D:\private\Konstantin\Documents\projects\2021.720\src\2172_smps_headlight\EWARM\2172_smps_headlight\Obj\Drivers\STM32F0xx_HAL_Driver\stm32f0xx_hal_gpio.o
#        D:\private\Konstantin\Documents\projects\2021.720\src\2172_smps_headlight\EWARM\2172_smps_headlight\Obj\Drivers\STM32F0xx_HAL_Driver\stm32f0xx_hal_i2c.o
#        D:\private\Konstantin\Documents\projects\2021.720\src\2172_smps_headlight\EWARM\2172_smps_headlight\Obj\Drivers\STM32F0xx_HAL_Driver\stm32f0xx_hal_i2c_ex.o
#        D:\private\Konstantin\Documents\projects\2021.720\src\2172_smps_headlight\EWARM\2172_smps_headlight\Obj\Application\User\Core\stm32f0xx_hal_msp.o
#        D:\private\Konstantin\Documents\projects\2021.720\src\2172_smps_headlight\EWARM\2172_smps_headlight\Obj\Drivers\STM32F0xx_HAL_Driver\stm32f0xx_hal_pwr.o
#        D:\private\Konstantin\Documents\projects\2021.720\src\2172_smps_headlight\EWARM\2172_smps_headlight\Obj\Drivers\STM32F0xx_HAL_Driver\stm32f0xx_hal_pwr_ex.o
#        D:\private\Konstantin\Documents\projects\2021.720\src\2172_smps_headlight\EWARM\2172_smps_headlight\Obj\Drivers\STM32F0xx_HAL_Driver\stm32f0xx_hal_rcc.o
#        D:\private\Konstantin\Documents\projects\2021.720\src\2172_smps_headlight\EWARM\2172_smps_headlight\Obj\Drivers\STM32F0xx_HAL_Driver\stm32f0xx_hal_rcc_ex.o
#        D:\private\Konstantin\Documents\projects\2021.720\src\2172_smps_headlight\EWARM\2172_smps_headlight\Obj\Drivers\STM32F0xx_HAL_Driver\stm32f0xx_hal_tim.o
#        D:\private\Konstantin\Documents\projects\2021.720\src\2172_smps_headlight\EWARM\2172_smps_headlight\Obj\Drivers\STM32F0xx_HAL_Driver\stm32f0xx_hal_tim_ex.o
#        D:\private\Konstantin\Documents\projects\2021.720\src\2172_smps_headlight\EWARM\2172_smps_headlight\Obj\Application\User\Core\stm32f0xx_it.o
#        D:\private\Konstantin\Documents\projects\2021.720\src\2172_smps_headlight\EWARM\2172_smps_headlight\Obj\Drivers\CMSIS\system_stm32f0xx.o
#        --no_out_extension -o
#        D:\private\Konstantin\Documents\projects\2021.720\src\2172_smps_headlight\EWARM\2172_smps_headlight\Exe\2172_smps_headlight.out
#        --redirect _Printf=_PrintfFullNoMb --redirect _Scanf=_ScanfFullNoMb
#        --map
#        D:\private\Konstantin\Documents\projects\2021.720\src\2172_smps_headlight\EWARM\2172_smps_headlight\List\2172_smps_headlight.map
#        --config
#        D:\private\Konstantin\Documents\projects\2021.720\src\2172_smps_headlight\EWARM/stm32f042x6_flash.icf
#        --semihosting --entry __iar_program_start --vfe --text_out locale)
#
###############################################################################

*******************************************************************************
*** RUNTIME MODEL ATTRIBUTES
***

CppFlavor       = *
__SystemLibrary = DLib
__dlib_version  = 6


*******************************************************************************
*** HEAP SELECTION
***

The basic heap was selected because some modules are built with
size limitations (and not runtime checking), and --advanced_heap
was not specified.


*******************************************************************************
*** PLACEMENT SUMMARY
***

"A0":  place at address 0x800'0000 { ro section .intvec };
"P1":  place in [from 0x800'0000 to 0x800'7fff] { ro };
define block CSTACK with size = 1K, alignment = 8 { };
define block HEAP with size = 512, alignment = 8 { };
"P2":  place in [from 0x2000'0000 to 0x2000'17ff] {
          rw, block CSTACK, block HEAP };
initialize by copy { rw };

  Section            Kind         Address    Size  Object
  -------            ----         -------    ----  ------
"A0":                                        0xc0
  .intvec            ro code   0x800'0000    0xc0  startup_stm32f042x6.o [1]
                             - 0x800'00c0    0xc0

"P1":                                      0x22fc
  .text              ro code   0x800'00c0   0x7c6  stm32f0xx_hal_tim.o [4]
  .text              ro code   0x800'0886    0x3e  packbits_init_single.o [6]
  .text              ro code   0x800'08c4   0x17c  stm32f0xx_hal_msp.o [2]
  .text              ro code   0x800'0a40     0x2  stm32f0xx_hal_tim.o [4]
  .text              ro code   0x800'0a42     0x2  startup_stm32f042x6.o [1]
  .text              ro code   0x800'0a44   0x20c  stm32f0xx_hal_dma.o [4]
  .text              ro code   0x800'0c50     0x2  stm32f0xx_hal_tim.o [4]
  .text              ro code   0x800'0c52     0x2  stm32f0xx_hal_tim.o [4]
  .text              ro code   0x800'0c54     0x2  stm32f0xx_hal_tim.o [4]
  .text              ro code   0x800'0c56     0x2  startup_stm32f042x6.o [1]
  .text              ro code   0x800'0c58   0x68e  main.o [2]
  .text              ro code   0x800'12e6     0x2  stm32f0xx_hal_tim_ex.o [4]
  .text              ro code   0x800'12e8     0x2  stm32f0xx_hal_tim.o [4]
  .text              ro code   0x800'12ea     0x2  stm32f0xx_hal_tim_ex.o [4]
  .text              ro code   0x800'12ec    0x14  memset.o [6]
  .text              ro code   0x800'1300   0x1b0  stm32f0xx_hal_gpio.o [4]
  .text              ro code   0x800'14b0    0xa8  stm32f0xx_hal_cortex.o [4]
  .text              ro code   0x800'1558    0x5e  I32DivMod.o [6]
  .text              ro code   0x800'15b6     0x2  startup_stm32f042x6.o [1]
  .text              ro code   0x800'15b8    0x20  stm32f0xx_hal.o [4]
  .text              ro code   0x800'15d8   0x524  stm32f0xx_hal_adc.o [4]
  .text              ro code   0x800'1afc    0x5c  stm32f0xx_hal_tim_ex.o [4]
  .text              ro code   0x800'1b58    0x28  stm32f0xx_hal.o [4]
  .text              ro code   0x800'1b80   0x5d0  stm32f0xx_hal_rcc.o [4]
  .text              ro code   0x800'2150    0x4e  ABImemset.o [6]
  .text              ro code   0x800'219e     0x2  startup_stm32f042x6.o [1]
  .text              ro code   0x800'21a0     0x2  IntDivZer.o [6]
  .text              ro code   0x800'21a2     0x2  startup_stm32f042x6.o [1]
  .text              ro code   0x800'21a4    0x44  stm32f0xx_hal.o [4]
  .text              ro code   0x800'21e8     0x2  stm32f0xx_hal_adc.o [4]
  .text              ro code   0x800'21ea     0x2  stm32f0xx_hal_adc.o [4]
  .text              ro code   0x800'21ec     0xc  stm32f0xx_hal.o [4]
  .text              ro code   0x800'21f8     0x2  stm32f0xx_hal_adc.o [4]
  .text              ro code   0x800'21fa     0x2  startup_stm32f042x6.o [1]
  .text              ro code   0x800'21fc    0x3c  startup_stm32f042x6.o [1]
  .text              ro code   0x800'2238    0x3c  stm32f0xx_it.o [2]
  .text              ro code   0x800'2274    0x10  stm32f0xx_hal.o [4]
  .text              ro code   0x800'2284    0x3c  zero_init3.o [6]
  .text              ro code   0x800'22c0    0x28  data_init.o [6]
  .iar.init_table    const     0x800'22e8    0x20  - Linker created -
  .text              ro code   0x800'2308    0x1e  cmain.o [6]
  .text              ro code   0x800'2326     0x4  low_level_init.o [5]
  .text              ro code   0x800'232a     0x8  exit.o [5]
  .text              ro code   0x800'2332     0x2  startup_stm32f042x6.o [1]
  .text              ro code   0x800'2334     0xa  cexit.o [6]
  .text              ro code   0x800'233e     0x2  startup_stm32f042x6.o [1]
  .text              ro code   0x800'2340    0x14  exit.o [7]
  .text              ro code   0x800'2354    0x1c  cstartup_M.o [6]
  .text              ro code   0x800'2370    0x14  system_stm32f0xx.o [3]
  .text              ro code   0x800'2384     0x2  startup_stm32f042x6.o [1]
  .text              ro code   0x800'2386     0x2  startup_stm32f042x6.o [1]
  .text              ro code   0x800'2388     0x2  startup_stm32f042x6.o [1]
  .text              ro code   0x800'238a     0x2  startup_stm32f042x6.o [1]
  .text              ro code   0x800'238c     0x2  startup_stm32f042x6.o [1]
  .text              ro code   0x800'238e     0x2  startup_stm32f042x6.o [1]
  .text              ro code   0x800'2390     0x2  startup_stm32f042x6.o [1]
  .text              ro code   0x800'2392     0x2  startup_stm32f042x6.o [1]
  .text              ro code   0x800'2394     0x2  startup_stm32f042x6.o [1]
  .text              ro code   0x800'2396     0x2  startup_stm32f042x6.o [1]
  .text              ro code   0x800'2398     0x2  startup_stm32f042x6.o [1]
  .text              ro code   0x800'239a     0x2  startup_stm32f042x6.o [1]
  .text              ro code   0x800'239c     0x2  startup_stm32f042x6.o [1]
  .text              ro code   0x800'239e     0x2  startup_stm32f042x6.o [1]
  .text              ro code   0x800'23a0     0x2  startup_stm32f042x6.o [1]
  .text              ro code   0x800'23a2     0x2  startup_stm32f042x6.o [1]
  .rodata            const     0x800'23a4     0x0  zero_init3.o [6]
  .rodata            const     0x800'23a4     0x0  packbits_init_single.o [6]
  Initializer bytes  const     0x800'23a4    0x18  <for P2-1>
                             - 0x800'23bc  0x22fc

"P2", part 1 of 3:                           0x94
  P2-1                        0x2000'0000    0x94  <Init block>
    .data            inited   0x2000'0000    0x84  main.o [2]
    .data            inited   0x2000'0084     0xc  stm32f0xx_hal.o [4]
    .data            inited   0x2000'0090     0x4  system_stm32f0xx.o [3]
                            - 0x2000'0094    0x94

"P2", part 2 of 3:                           0xe0
  .bss               zero     0x2000'0094    0x9c  main.o [2]
  .bss               zero     0x2000'0130    0x44  main.o [2]
                            - 0x2000'0174    0xe0

"P2", part 3 of 3:                          0x400
  CSTACK                      0x2000'0178   0x400  <Block>
    CSTACK           uninit   0x2000'0178   0x400  <Block tail>
                            - 0x2000'0578   0x400

Unused ranges:

         From           To    Size
         ----           --    ----
   0x800'23bc   0x800'7fff  0x5c44
  0x2000'0174  0x2000'0177     0x4
  0x2000'0578  0x2000'17ff  0x1288


*******************************************************************************
*** INIT TABLE
***

          Address      Size
          -------      ----
Zero (__iar_zero_init3)
    1 destination range, total size 0xe0:
          0x2000'0094  0xe0

Copy/packbits (__iar_packbits_init_single3)
    1 source range, total size 0x18 (16% of destination):
           0x800'23a4  0x18
    1 destination range, total size 0x94:
          0x2000'0000  0x94



*******************************************************************************
*** MODULE SUMMARY
***

    Module                  ro code  ro data  rw data
    ------                  -------  -------  -------
command line/config:
    -------------------------------------------------
    Total:

D:\private\Konstantin\Documents\projects\2021.720\src\2172_smps_headlight\EWARM\2172_smps_headlight\Obj\Application\EWARM: [1]
    startup_stm32f042x6.o       300
    -------------------------------------------------
    Total:                      300

D:\private\Konstantin\Documents\projects\2021.720\src\2172_smps_headlight\EWARM\2172_smps_headlight\Obj\Application\User\Core: [2]
    main.o                    1'678       21      356
    stm32f0xx_hal_msp.o         380
    stm32f0xx_it.o               60
    -------------------------------------------------
    Total:                    2'118       21      356

D:\private\Konstantin\Documents\projects\2021.720\src\2172_smps_headlight\EWARM\2172_smps_headlight\Obj\Drivers\CMSIS: [3]
    system_stm32f0xx.o           20        1        4
    -------------------------------------------------
    Total:                       20        1        4

D:\private\Konstantin\Documents\projects\2021.720\src\2172_smps_headlight\EWARM\2172_smps_headlight\Obj\Drivers\STM32F0xx_HAL_Driver: [4]
    stm32f0xx_hal.o             168        2       12
    stm32f0xx_hal_adc.o       1'322
    stm32f0xx_hal_cortex.o      168
    stm32f0xx_hal_dma.o         524
    stm32f0xx_hal_gpio.o        432
    stm32f0xx_hal_rcc.o       1'488
    stm32f0xx_hal_tim.o       2'000
    stm32f0xx_hal_tim_ex.o       96
    -------------------------------------------------
    Total:                    6'198        2       12

dl6M_tln.a: [5]
    exit.o                        8
    low_level_init.o              4
    -------------------------------------------------
    Total:                       12

rt6M_tl.a: [6]
    ABImemset.o                  78
    I32DivMod.o                  94
    IntDivZer.o                   2
    cexit.o                      10
    cmain.o                      30
    cstartup_M.o                 28
    data_init.o                  40
    memset.o                     20
    packbits_init_single.o       62
    zero_init3.o                 60
    -------------------------------------------------
    Total:                      424

shb_l.a: [7]
    exit.o                       20
    -------------------------------------------------
    Total:                       20

    Linker created                        32    1'024
-----------------------------------------------------
    Grand Total:              9'092       56    1'396


*******************************************************************************
*** ENTRY LIST
***

Entry                       Address   Size  Type      Object
-----                       -------   ----  ----      ------
.iar.init_table$$Base    0x800'22e8          --   Gb  - Linker created -
.iar.init_table$$Limit   0x800'2308          --   Gb  - Linker created -
?main                    0x800'2309         Code  Gb  cmain.o [6]
ADC1_IRQHandler          0x800'2253    0xa  Code  Gb  stm32f0xx_it.o [2]
ADC_DMAConvCplt          0x800'1a51   0x6a  Code  Lc  stm32f0xx_hal_adc.o [4]
ADC_DMAError             0x800'1ae3   0x1a  Code  Lc  stm32f0xx_hal_adc.o [4]
ADC_DMAHalfConvCplt      0x800'1ad9    0xa  Code  Lc  stm32f0xx_hal_adc.o [4]
ADC_Enable               0x800'19c5   0x7e  Code  Lc  stm32f0xx_hal_adc.o [4]
AHBPrescTable            0x800'2374   0x10  Data  Gb  system_stm32f0xx.o [3]
CSTACK$$Base            0x2000'0178          --   Gb  - Linker created -
CSTACK$$Limit           0x2000'0578          --   Gb  - Linker created -
DMA1_Channel1_IRQHandler
                         0x800'2249    0xa  Code  Gb  stm32f0xx_it.o [2]
DMA_CalcBaseAndBitshift
                         0x800'0c2f   0x1a  Code  Lc  stm32f0xx_hal_dma.o [4]
DMA_SetConfig            0x800'0c0d   0x22  Code  Lc  stm32f0xx_hal_dma.o [4]
Error_Handler            0x800'12dd    0xa  Code  Gb  main.o [2]
HAL_ADC_ConfigChannel    0x800'18b5  0x102  Code  Gb  stm32f0xx_hal_adc.o [4]
HAL_ADC_ConvCpltCallback
                         0x800'11dd   0xc8  Code  Gb  main.o [2]
HAL_ADC_ConvHalfCpltCallback
                         0x800'21f9    0x2  Code  Gb  stm32f0xx_hal_adc.o [4]
HAL_ADC_ErrorCallback    0x800'21eb    0x2  Code  Gb  stm32f0xx_hal_adc.o [4]
HAL_ADC_IRQHandler       0x800'17dd   0xd8  Code  Gb  stm32f0xx_hal_adc.o [4]
HAL_ADC_Init             0x800'15d9  0x164  Code  Gb  stm32f0xx_hal_adc.o [4]
HAL_ADC_LevelOutOfWindowCallback
                         0x800'21e9    0x2  Code  Gb  stm32f0xx_hal_adc.o [4]
HAL_ADC_MspInit          0x800'08ef   0x94  Code  Gb  stm32f0xx_hal_msp.o [2]
HAL_ADC_Start_DMA        0x800'1749   0x8e  Code  Gb  stm32f0xx_hal_adc.o [4]
HAL_DMA_Abort_IT         0x800'0b05   0x48  Code  Gb  stm32f0xx_hal_dma.o [4]
HAL_DMA_IRQHandler       0x800'0b4d   0xc0  Code  Gb  stm32f0xx_hal_dma.o [4]
HAL_DMA_Init             0x800'0a45   0x4c  Code  Gb  stm32f0xx_hal_dma.o [4]
HAL_DMA_Start_IT         0x800'0a95   0x70  Code  Gb  stm32f0xx_hal_dma.o [4]
HAL_Delay                0x800'1b59   0x28  Code  Gb  stm32f0xx_hal.o [4]
HAL_GPIO_Init            0x800'1301  0x17e  Code  Gb  stm32f0xx_hal_gpio.o [4]
HAL_GPIO_TogglePin       0x800'148b   0x10  Code  Gb  stm32f0xx_hal_gpio.o [4]
HAL_GPIO_WritePin        0x800'147f    0xc  Code  Gb  stm32f0xx_hal_gpio.o [4]
HAL_GetTick              0x800'21ed    0xc  Code  Gb  stm32f0xx_hal.o [4]
HAL_IncTick              0x800'2275   0x10  Code  Gb  stm32f0xx_hal.o [4]
HAL_Init                 0x800'15b9   0x1a  Code  Gb  stm32f0xx_hal.o [4]
HAL_InitTick             0x800'21a5   0x44  Code  Gb  stm32f0xx_hal.o [4]
HAL_MspInit              0x800'08c5   0x2a  Code  Gb  stm32f0xx_hal_msp.o [2]
HAL_NVIC_EnableIRQ       0x800'14f3   0x12  Code  Gb  stm32f0xx_hal_cortex.o [4]
HAL_NVIC_SetPriority     0x800'14eb    0x8  Code  Gb  stm32f0xx_hal_cortex.o [4]
HAL_NVIC_SystemReset     0x800'1505   0x12  Code  Gb  stm32f0xx_hal_cortex.o [4]
HAL_RCC_ClockConfig      0x800'1fad  0x106  Code  Gb  stm32f0xx_hal_rcc.o [4]
HAL_RCC_GetSysClockFreq
                         0x800'20b9   0x50  Code  Gb  stm32f0xx_hal_rcc.o [4]
HAL_RCC_GetSysClockFreq::aPLLMULFactorTable
                         0x800'2130   0x10  Data  Lc  stm32f0xx_hal_rcc.o [4]
HAL_RCC_GetSysClockFreq::aPredivFactorTable
                         0x800'2140   0x10  Data  Lc  stm32f0xx_hal_rcc.o [4]
HAL_RCC_OscConfig        0x800'1b81  0x41e  Code  Gb  stm32f0xx_hal_rcc.o [4]
HAL_SYSTICK_Config       0x800'1517   0x28  Code  Gb  stm32f0xx_hal_cortex.o [4]
HAL_TIMEx_BreakCallback
                         0x800'12e7    0x2  Code  Gb  stm32f0xx_hal_tim_ex.o [4]
HAL_TIMEx_CommutCallback
                         0x800'12eb    0x2  Code  Gb  stm32f0xx_hal_tim_ex.o [4]
HAL_TIMEx_MasterConfigSynchronization
                         0x800'1afd   0x54  Code  Gb  stm32f0xx_hal_tim_ex.o [4]
HAL_TIM_Base_Init        0x800'00c1   0x1e  Code  Gb  stm32f0xx_hal_tim.o [4]
HAL_TIM_Base_MspInit     0x800'0983   0x30  Code  Gb  stm32f0xx_hal_msp.o [2]
HAL_TIM_ConfigClockSource
                         0x800'04fd   0xcc  Code  Gb  stm32f0xx_hal_tim.o [4]
HAL_TIM_IC_CaptureCallback
                         0x800'0c51    0x2  Code  Gb  stm32f0xx_hal_tim.o [4]
HAL_TIM_IRQHandler       0x800'02d1  0x152  Code  Gb  stm32f0xx_hal_tim.o [4]
HAL_TIM_MspPostInit      0x800'09b3   0x6e  Code  Gb  stm32f0xx_hal_msp.o [2]
HAL_TIM_OC_DelayElapsedCallback
                         0x800'0c53    0x2  Code  Gb  stm32f0xx_hal_tim.o [4]
HAL_TIM_PWM_ConfigChannel
                         0x800'0423   0xd4  Code  Gb  stm32f0xx_hal_tim.o [4]
HAL_TIM_PWM_Init         0x800'011b   0x1e  Code  Gb  stm32f0xx_hal_tim.o [4]
HAL_TIM_PWM_MspInit      0x800'0a41    0x2  Code  Gb  stm32f0xx_hal_tim.o [4]
HAL_TIM_PWM_PulseFinishedCallback
                         0x800'0c55    0x2  Code  Gb  stm32f0xx_hal_tim.o [4]
HAL_TIM_PWM_Start        0x800'0139   0x28  Code  Gb  stm32f0xx_hal_tim.o [4]
HAL_TIM_PeriodElapsedCallback
                         0x800'0fb5  0x222  Code  Gb  main.o [2]
HAL_TIM_TriggerCallback
                         0x800'12e9    0x2  Code  Gb  stm32f0xx_hal_tim.o [4]
HardFault_Handler        0x800'223b    0x2  Code  Gb  stm32f0xx_it.o [2]
NMI_Handler              0x800'2239    0x2  Code  Gb  stm32f0xx_it.o [2]
PendSV_Handler           0x800'223f    0x2  Code  Gb  stm32f0xx_it.o [2]
Region$$Table$$Base      0x800'22e8          --   Gb  - Linker created -
Region$$Table$$Limit     0x800'2308          --   Gb  - Linker created -
SVC_Handler              0x800'223d    0x2  Code  Gb  stm32f0xx_it.o [2]
SysTick_Handler          0x800'2241    0x8  Code  Gb  stm32f0xx_it.o [2]
SystemClock_Config       0x800'0f5d   0x58  Code  Gb  main.o [2]
SystemCoreClock         0x2000'0090    0x4  Data  Gb  system_stm32f0xx.o [3]
SystemInit               0x800'2371    0x2  Code  Gb  system_stm32f0xx.o [3]
TIM3_IRQHandler          0x800'225d    0xa  Code  Gb  stm32f0xx_it.o [2]
TIM_Base_SetConfig       0x800'05cd   0x72  Code  Gb  stm32f0xx_hal_tim.o [4]
TIM_CCxChannelCmd        0x800'086d   0x1a  Code  Gb  stm32f0xx_hal_tim.o [4]
TIM_ETR_SetConfig        0x800'0823   0x14  Code  Gb  stm32f0xx_hal_tim.o [4]
TIM_ITRx_SetConfig       0x800'0813   0x10  Code  Lc  stm32f0xx_hal_tim.o [4]
TIM_OC1_SetConfig        0x800'063f   0x68  Code  Lc  stm32f0xx_hal_tim.o [4]
TIM_OC2_SetConfig        0x800'06a7   0x62  Code  Gb  stm32f0xx_hal_tim.o [4]
TIM_OC3_SetConfig        0x800'0709   0x5e  Code  Lc  stm32f0xx_hal_tim.o [4]
TIM_OC4_SetConfig        0x800'0767   0x4c  Code  Lc  stm32f0xx_hal_tim.o [4]
TIM_TI1_ConfigInputStage
                         0x800'07cd   0x22  Code  Lc  stm32f0xx_hal_tim.o [4]
TIM_TI2_ConfigInputStage
                         0x800'07ef   0x24  Code  Lc  stm32f0xx_hal_tim.o [4]
__ICFEDIT_region_RAM_end__ {Abs}
                        0x2000'17ff         Data  Gb  <internal module>
__ICFEDIT_region_RAM_start__ {Abs}
                        0x2000'0000         Data  Gb  <internal module>
__NVIC_SetPriority       0x800'14b1   0x3a  Code  Lc  stm32f0xx_hal_cortex.o [4]
__aeabi_idiv0            0x800'21a1         Code  Gb  IntDivZer.o [6]
__aeabi_memset           0x800'2151         Code  Gb  ABImemset.o [6]
__cmain                  0x800'2309         Code  Gb  cmain.o [6]
__exit                   0x800'2341   0x14  Code  Gb  exit.o [7]
__iar_Memset4_word       0x800'2171         Code  Gb  ABImemset.o [6]
__iar_Memset_word        0x800'215d         Code  Gb  ABImemset.o [6]
__iar_data_init3         0x800'22c1   0x28  Code  Gb  data_init.o [6]
__iar_packbits_init_single3
                         0x800'0887   0x3e  Code  Gb  packbits_init_single.o [6]
__iar_program_start      0x800'2355         Code  Gb  cstartup_M.o [6]
__iar_small_idiv         0x800'1559         Code  Gb  I32DivMod.o [6]
__iar_small_idivmod      0x800'1559         Code  Gb  I32DivMod.o [6]
__iar_small_uidiv        0x800'1581         Code  Gb  I32DivMod.o [6]
__iar_small_uidivmod     0x800'1581         Code  Gb  I32DivMod.o [6]
__iar_zero_init3         0x800'2285   0x3c  Code  Gb  zero_init3.o [6]
__low_level_init         0x800'2327    0x4  Code  Gb  low_level_init.o [5]
__vector_table           0x800'0000         Data  Gb  startup_stm32f042x6.o [1]
_call_main               0x800'2315         Code  Gb  cmain.o [6]
_exit                    0x800'2335         Code  Gb  cexit.o [6]
activeLowerChannel      0x2000'0080    0x4  Data  Gb  main.o [2]
activeUpperChannel      0x2000'007c    0x4  Data  Gb  main.o [2]
adcReadings             0x2000'0008    0x8  Data  Gb  main.o [2]
adcStatus               0x2000'0000    0x1  Data  Gb  main.o [2]
avgOutCurrFB            0x2000'0100   0x28  Data  Gb  main.o [2]
avgOutCurrentFB         0x2000'002c    0x2  Data  Gb  main.o [2]
avgOutVoltFB            0x2000'00d8   0x28  Data  Gb  main.o [2]
avgOutVoltageFB         0x2000'002a    0x2  Data  Gb  main.o [2]
devOpMode               0x2000'0002    0x1  Data  Gb  main.o [2]
exit                     0x800'232b    0x8  Code  Gb  exit.o [5]
hadc                    0x2000'0094   0x40  Data  Gb  main.o [2]
hdma_adc                0x2000'0130   0x44  Data  Gb  main.o [2]
htim3                   0x2000'0030   0x48  Data  Gb  main.o [2]
ledBlinkCnt             0x2000'0012    0x2  Data  Gb  main.o [2]
ledBlinkDly             0x2000'0028    0x2  Data  Gb  main.o [2]
main                     0x800'0c59  0x2ec  Code  Gb  main.o [2]
memset                   0x800'12ed   0x14  Code  Gb  memset.o [6]
movAvgArrPtr            0x2000'00d4    0x2  Data  Gb  main.o [2]
numOfAttemptsCnt        0x2000'0004    0x1  Data  Gb  main.o [2]
overloadTimeoutCnt      0x2000'0014    0x2  Data  Gb  main.o [2]
pidCLoopCtrlError       0x2000'0022    0x2  Data  Gb  main.o [2]
pidCLoopCtrlErrorD      0x2000'0024    0x2  Data  Gb  main.o [2]
pidCLoopCtrlErrorDD     0x2000'0026    0x2  Data  Gb  main.o [2]
pidCLoopSetPoint        0x2000'001c    0x2  Data  Gb  main.o [2]
pidPulseWidth           0x2000'0016    0x2  Data  Gb  main.o [2]
pidSamplingCnt          0x2000'0010    0x2  Data  Gb  main.o [2]
pidStatus               0x2000'0001    0x1  Data  Gb  main.o [2]
pidVLoopCtrlError       0x2000'001e    0x2  Data  Gb  main.o [2]
pidVLoopCtrlErrorD      0x2000'0020    0x2  Data  Gb  main.o [2]
pidVLoopSetPoint        0x2000'001a    0x2  Data  Gb  main.o [2]
pwmPulseWidth           0x2000'0018    0x2  Data  Gb  main.o [2]
startUpCnt              0x2000'0078    0x4  Data  Gb  main.o [2]
startUpDelay            0x2000'0005    0x1  Data  Gb  main.o [2]
sumOutCurrFB            0x2000'012c    0x4  Data  Gb  main.o [2]
sumOutVoltFB            0x2000'0128    0x4  Data  Gb  main.o [2]
supplyStatus            0x2000'0003    0x1  Data  Gb  main.o [2]
uwTick                  0x2000'0088    0x4  Data  Gb  stm32f0xx_hal.o [4]
uwTickFreq              0x2000'0084    0x1  Data  Gb  stm32f0xx_hal.o [4]
uwTickPrio              0x2000'008c    0x4  Data  Gb  stm32f0xx_hal.o [4]


[1] = D:\private\Konstantin\Documents\projects\2021.720\src\2172_smps_headlight\EWARM\2172_smps_headlight\Obj\Application\EWARM
[2] = D:\private\Konstantin\Documents\projects\2021.720\src\2172_smps_headlight\EWARM\2172_smps_headlight\Obj\Application\User\Core
[3] = D:\private\Konstantin\Documents\projects\2021.720\src\2172_smps_headlight\EWARM\2172_smps_headlight\Obj\Drivers\CMSIS
[4] = D:\private\Konstantin\Documents\projects\2021.720\src\2172_smps_headlight\EWARM\2172_smps_headlight\Obj\Drivers\STM32F0xx_HAL_Driver
[5] = dl6M_tln.a
[6] = rt6M_tl.a
[7] = shb_l.a

  9'092 bytes of readonly  code memory
     56 bytes of readonly  data memory
  1'396 bytes of readwrite data memory

Errors: none
Warnings: none
