###############################################################################
#
# IAR ELF Linker V9.10.2.313/W64 for ARM                  19/Oct/2021  11:04:14
# Copyright 2007-2021 IAR Systems AB.
#
#    Output file  =
#        D:\private\Konstantin\Documents\projects\2021.720\src\2172_smps_headlight\EWARM\2172_smps_headlight\Exe\2172_smps_headlight.out
#    Map file     =
#        D:\private\Konstantin\Documents\projects\2021.720\src\2172_smps_headlight\EWARM\2172_smps_headlight\List\2172_smps_headlight.map
#    Command line =
#        -f
#        D:\private\Konstantin\Documents\projects\2021.720\src\2172_smps_headlight\EWARM\2172_smps_headlight\Exe\2172_smps_headlight.out.rsp
#        (D:\private\Konstantin\Documents\projects\2021.720\src\2172_smps_headlight\EWARM\2172_smps_headlight\Obj\Application\User\Core\main.o
#        D:\private\Konstantin\Documents\projects\2021.720\src\2172_smps_headlight\EWARM\2172_smps_headlight\Obj\Application\EWARM\startup_stm32f030x6.o
#        D:\private\Konstantin\Documents\projects\2021.720\src\2172_smps_headlight\EWARM\2172_smps_headlight\Obj\Drivers\STM32F0xx_HAL_Driver\stm32f0xx_hal.o
#        D:\private\Konstantin\Documents\projects\2021.720\src\2172_smps_headlight\EWARM\2172_smps_headlight\Obj\Drivers\STM32F0xx_HAL_Driver\stm32f0xx_hal_adc.o
#        D:\private\Konstantin\Documents\projects\2021.720\src\2172_smps_headlight\EWARM\2172_smps_headlight\Obj\Drivers\STM32F0xx_HAL_Driver\stm32f0xx_hal_adc_ex.o
#        D:\private\Konstantin\Documents\projects\2021.720\src\2172_smps_headlight\EWARM\2172_smps_headlight\Obj\Drivers\STM32F0xx_HAL_Driver\stm32f0xx_hal_cortex.o
#        D:\private\Konstantin\Documents\projects\2021.720\src\2172_smps_headlight\EWARM\2172_smps_headlight\Obj\Drivers\STM32F0xx_HAL_Driver\stm32f0xx_hal_dma.o
#        D:\private\Konstantin\Documents\projects\2021.720\src\2172_smps_headlight\EWARM\2172_smps_headlight\Obj\Drivers\STM32F0xx_HAL_Driver\stm32f0xx_hal_exti.o
#        D:\private\Konstantin\Documents\projects\2021.720\src\2172_smps_headlight\EWARM\2172_smps_headlight\Obj\Drivers\STM32F0xx_HAL_Driver\stm32f0xx_hal_flash.o
#        D:\private\Konstantin\Documents\projects\2021.720\src\2172_smps_headlight\EWARM\2172_smps_headlight\Obj\Drivers\STM32F0xx_HAL_Driver\stm32f0xx_hal_flash_ex.o
#        D:\private\Konstantin\Documents\projects\2021.720\src\2172_smps_headlight\EWARM\2172_smps_headlight\Obj\Drivers\STM32F0xx_HAL_Driver\stm32f0xx_hal_gpio.o
#        D:\private\Konstantin\Documents\projects\2021.720\src\2172_smps_headlight\EWARM\2172_smps_headlight\Obj\Drivers\STM32F0xx_HAL_Driver\stm32f0xx_hal_i2c.o
#        D:\private\Konstantin\Documents\projects\2021.720\src\2172_smps_headlight\EWARM\2172_smps_headlight\Obj\Drivers\STM32F0xx_HAL_Driver\stm32f0xx_hal_i2c_ex.o
#        D:\private\Konstantin\Documents\projects\2021.720\src\2172_smps_headlight\EWARM\2172_smps_headlight\Obj\Application\User\Core\stm32f0xx_hal_msp.o
#        D:\private\Konstantin\Documents\projects\2021.720\src\2172_smps_headlight\EWARM\2172_smps_headlight\Obj\Drivers\STM32F0xx_HAL_Driver\stm32f0xx_hal_pwr.o
#        D:\private\Konstantin\Documents\projects\2021.720\src\2172_smps_headlight\EWARM\2172_smps_headlight\Obj\Drivers\STM32F0xx_HAL_Driver\stm32f0xx_hal_pwr_ex.o
#        D:\private\Konstantin\Documents\projects\2021.720\src\2172_smps_headlight\EWARM\2172_smps_headlight\Obj\Drivers\STM32F0xx_HAL_Driver\stm32f0xx_hal_rcc.o
#        D:\private\Konstantin\Documents\projects\2021.720\src\2172_smps_headlight\EWARM\2172_smps_headlight\Obj\Drivers\STM32F0xx_HAL_Driver\stm32f0xx_hal_rcc_ex.o
#        D:\private\Konstantin\Documents\projects\2021.720\src\2172_smps_headlight\EWARM\2172_smps_headlight\Obj\Drivers\STM32F0xx_HAL_Driver\stm32f0xx_hal_tim.o
#        D:\private\Konstantin\Documents\projects\2021.720\src\2172_smps_headlight\EWARM\2172_smps_headlight\Obj\Drivers\STM32F0xx_HAL_Driver\stm32f0xx_hal_tim_ex.o
#        D:\private\Konstantin\Documents\projects\2021.720\src\2172_smps_headlight\EWARM\2172_smps_headlight\Obj\Application\User\Core\stm32f0xx_it.o
#        D:\private\Konstantin\Documents\projects\2021.720\src\2172_smps_headlight\EWARM\2172_smps_headlight\Obj\Drivers\CMSIS\system_stm32f0xx.o
#        --no_out_extension -o
#        D:\private\Konstantin\Documents\projects\2021.720\src\2172_smps_headlight\EWARM\2172_smps_headlight\Exe\2172_smps_headlight.out
#        --redirect _Printf=_PrintfFullNoMb --redirect _Scanf=_ScanfFullNoMb
#        --map
#        D:\private\Konstantin\Documents\projects\2021.720\src\2172_smps_headlight\EWARM\2172_smps_headlight\List\2172_smps_headlight.map
#        --config
#        D:\private\Konstantin\Documents\projects\2021.720\src\2172_smps_headlight\EWARM/stm32f030x6_flash.icf
#        --semihosting --entry __iar_program_start --vfe --text_out locale)
#
###############################################################################

*******************************************************************************
*** RUNTIME MODEL ATTRIBUTES
***

CppFlavor       = *
__SystemLibrary = DLib
__dlib_version  = 6


*******************************************************************************
*** HEAP SELECTION
***

The basic heap was selected because some modules are built with
size limitations (and not runtime checking), and --advanced_heap
was not specified.


*******************************************************************************
*** PLACEMENT SUMMARY
***

"A0":  place at address 0x800'0000 { ro section .intvec };
"P1":  place in [from 0x800'0000 to 0x800'7fff] { ro };
define block CSTACK with size = 1K, alignment = 8 { };
define block HEAP with size = 512, alignment = 8 { };
"P2":  place in [from 0x2000'0000 to 0x2000'0fff] {
          rw, block CSTACK, block HEAP };
initialize by copy { rw };

  Section            Kind         Address    Size  Object
  -------            ----         -------    ----  ------
"A0":                                        0xb0
  .intvec            ro code   0x800'0000    0xb0  startup_stm32f030x6.o [1]
                             - 0x800'00b0    0xb0

"P1":                                      0x20d2
  .text              ro code   0x800'00b0   0x6f2  stm32f0xx_hal_tim.o [4]
  .text              ro code   0x800'07a2    0x3e  packbits_init_single.o [6]
  .text              ro code   0x800'07e0   0x17c  stm32f0xx_hal_msp.o [2]
  .text              ro code   0x800'095c     0x2  stm32f0xx_hal_tim.o [4]
  .text              ro code   0x800'095e     0x2  stm32f0xx_hal_tim.o [4]
  .text              ro code   0x800'0960     0x2  stm32f0xx_hal_tim.o [4]
  .text              ro code   0x800'0962     0x2  stm32f0xx_hal_tim.o [4]
  .text              ro code   0x800'0964   0x69e  main.o [2]
  .text              ro code   0x800'1002     0x2  stm32f0xx_hal_tim_ex.o [4]
  .text              ro code   0x800'1004     0x2  stm32f0xx_hal_tim.o [4]
  .text              ro code   0x800'1006     0x2  stm32f0xx_hal_tim_ex.o [4]
  .text              ro code   0x800'1008    0x14  memset.o [6]
  .text              ro code   0x800'101c   0x1a8  stm32f0xx_hal_gpio.o [4]
  .text              ro code   0x800'11c4   0x1c4  stm32f0xx_hal_dma.o [4]
  .text              ro code   0x800'1388    0xa8  stm32f0xx_hal_cortex.o [4]
  .text              ro code   0x800'1430    0x20  stm32f0xx_hal.o [4]
  .text              ro code   0x800'1450   0x508  stm32f0xx_hal_adc.o [4]
  .text              ro code   0x800'1958    0x58  stm32f0xx_hal_tim_ex.o [4]
  .text              ro code   0x800'19b0    0x5e  I32DivMod.o [6]
  .text              ro code   0x800'1a0e     0x2  startup_stm32f030x6.o [1]
  .text              ro code   0x800'1a10    0x28  stm32f0xx_hal.o [4]
  .text              ro code   0x800'1a38   0x514  stm32f0xx_hal_rcc.o [4]
  .text              ro code   0x800'1f4c    0x4e  ABImemset.o [6]
  .text              ro code   0x800'1f9a     0x2  startup_stm32f030x6.o [1]
  .text              ro code   0x800'1f9c    0x44  stm32f0xx_hal.o [4]
  .text              ro code   0x800'1fe0     0x2  stm32f0xx_hal_adc.o [4]
  .text              ro code   0x800'1fe2     0x2  stm32f0xx_hal_adc.o [4]
  .text              ro code   0x800'1fe4     0xc  stm32f0xx_hal.o [4]
  .text              ro code   0x800'1ff0     0x2  stm32f0xx_hal_adc.o [4]
  .text              ro code   0x800'1ff2     0x2  startup_stm32f030x6.o [1]
  .text              ro code   0x800'1ff4     0x2  IntDivZer.o [6]
  .text              ro code   0x800'1ff6     0x2  startup_stm32f030x6.o [1]
  .text              ro code   0x800'1ff8    0x3c  stm32f0xx_it.o [2]
  .text              ro code   0x800'2034    0x10  stm32f0xx_hal.o [4]
  .text              ro code   0x800'2044    0x3c  zero_init3.o [6]
  .text              ro code   0x800'2080    0x28  data_init.o [6]
  .iar.init_table    const     0x800'20a8    0x20  - Linker created -
  .text              ro code   0x800'20c8    0x1e  cmain.o [6]
  .text              ro code   0x800'20e6     0x4  low_level_init.o [5]
  .text              ro code   0x800'20ea     0x8  exit.o [5]
  .text              ro code   0x800'20f2     0x2  startup_stm32f030x6.o [1]
  .text              ro code   0x800'20f4     0xa  cexit.o [6]
  .text              ro code   0x800'20fe     0x2  startup_stm32f030x6.o [1]
  .text              ro code   0x800'2100    0x14  exit.o [7]
  .text              ro code   0x800'2114    0x1c  cstartup_M.o [6]
  .text              ro code   0x800'2130    0x14  system_stm32f0xx.o [3]
  .text              ro code   0x800'2144    0x10  startup_stm32f030x6.o [1]
  .text              ro code   0x800'2154     0x2  startup_stm32f030x6.o [1]
  .text              ro code   0x800'2156     0x2  startup_stm32f030x6.o [1]
  .text              ro code   0x800'2158     0x2  startup_stm32f030x6.o [1]
  .text              ro code   0x800'215a     0x2  startup_stm32f030x6.o [1]
  .text              ro code   0x800'215c     0x2  startup_stm32f030x6.o [1]
  .text              ro code   0x800'215e     0x2  startup_stm32f030x6.o [1]
  .text              ro code   0x800'2160     0x2  startup_stm32f030x6.o [1]
  .text              ro code   0x800'2162     0x2  startup_stm32f030x6.o [1]
  .text              ro code   0x800'2164     0x2  startup_stm32f030x6.o [1]
  .text              ro code   0x800'2166     0x2  startup_stm32f030x6.o [1]
  .text              ro code   0x800'2168     0x2  startup_stm32f030x6.o [1]
  .rodata            const     0x800'216a     0x0  zero_init3.o [6]
  .rodata            const     0x800'216a     0x0  packbits_init_single.o [6]
  Initializer bytes  const     0x800'216a    0x18  <for P2-1>
                             - 0x800'2182  0x20d2

"P2", part 1 of 3:                           0x94
  P2-1                        0x2000'0000    0x94  <Init block>
    .data            inited   0x2000'0000    0x84  main.o [2]
    .data            inited   0x2000'0084     0xc  stm32f0xx_hal.o [4]
    .data            inited   0x2000'0090     0x4  system_stm32f0xx.o [3]
                            - 0x2000'0094    0x94

"P2", part 2 of 3:                           0xe0
  .bss               zero     0x2000'0094    0x9c  main.o [2]
  .bss               zero     0x2000'0130    0x44  main.o [2]
                            - 0x2000'0174    0xe0

"P2", part 3 of 3:                          0x400
  CSTACK                      0x2000'0178   0x400  <Block>
    CSTACK           uninit   0x2000'0178   0x400  <Block tail>
                            - 0x2000'0578   0x400

Unused ranges:

         From           To    Size
         ----           --    ----
   0x800'2182   0x800'7fff  0x5e7e
  0x2000'0174  0x2000'0177     0x4
  0x2000'0578  0x2000'0fff   0xa88


*******************************************************************************
*** INIT TABLE
***

          Address      Size
          -------      ----
Zero (__iar_zero_init3)
    1 destination range, total size 0xe0:
          0x2000'0094  0xe0

Copy/packbits (__iar_packbits_init_single3)
    1 source range, total size 0x18 (16% of destination):
           0x800'216a  0x18
    1 destination range, total size 0x94:
          0x2000'0000  0x94



*******************************************************************************
*** MODULE SUMMARY
***

    Module                  ro code  ro data  rw data
    ------                  -------  -------  -------
command line/config:
    -------------------------------------------------
    Total:

D:\private\Konstantin\Documents\projects\2021.720\src\2172_smps_headlight\EWARM\2172_smps_headlight\Obj\Application\EWARM: [1]
    startup_stm32f030x6.o       226
    -------------------------------------------------
    Total:                      226

D:\private\Konstantin\Documents\projects\2021.720\src\2172_smps_headlight\EWARM\2172_smps_headlight\Obj\Application\User\Core: [2]
    main.o                    1'694       21      356
    stm32f0xx_hal_msp.o         380
    stm32f0xx_it.o               60
    -------------------------------------------------
    Total:                    2'134       21      356

D:\private\Konstantin\Documents\projects\2021.720\src\2172_smps_headlight\EWARM\2172_smps_headlight\Obj\Drivers\CMSIS: [3]
    system_stm32f0xx.o           20        1        4
    -------------------------------------------------
    Total:                       20        1        4

D:\private\Konstantin\Documents\projects\2021.720\src\2172_smps_headlight\EWARM\2172_smps_headlight\Obj\Drivers\STM32F0xx_HAL_Driver: [4]
    stm32f0xx_hal.o             168        2       12
    stm32f0xx_hal_adc.o       1'294
    stm32f0xx_hal_cortex.o      168
    stm32f0xx_hal_dma.o         452
    stm32f0xx_hal_gpio.o        424
    stm32f0xx_hal_rcc.o       1'300
    stm32f0xx_hal_tim.o       1'788
    stm32f0xx_hal_tim_ex.o       92
    -------------------------------------------------
    Total:                    5'686        2       12

dl6M_tln.a: [5]
    exit.o                        8
    low_level_init.o              4
    -------------------------------------------------
    Total:                       12

rt6M_tl.a: [6]
    ABImemset.o                  78
    I32DivMod.o                  94
    IntDivZer.o                   2
    cexit.o                      10
    cmain.o                      30
    cstartup_M.o                 28
    data_init.o                  40
    memset.o                     20
    packbits_init_single.o       62
    zero_init3.o                 60
    -------------------------------------------------
    Total:                      424

shb_l.a: [7]
    exit.o                       20
    -------------------------------------------------
    Total:                       20

    Linker created                        32    1'024
-----------------------------------------------------
    Grand Total:              8'522       56    1'396


*******************************************************************************
*** ENTRY LIST
***

Entry                       Address   Size  Type      Object
-----                       -------   ----  ----      ------
.iar.init_table$$Base    0x800'20a8          --   Gb  - Linker created -
.iar.init_table$$Limit   0x800'20c8          --   Gb  - Linker created -
?main                    0x800'20c9         Code  Gb  cmain.o [6]
ADC1_IRQHandler          0x800'2013    0xa  Code  Gb  stm32f0xx_it.o [2]
ADC_DMAConvCplt          0x800'18b1   0x6a  Code  Lc  stm32f0xx_hal_adc.o [4]
ADC_DMAError             0x800'193f   0x1a  Code  Lc  stm32f0xx_hal_adc.o [4]
ADC_DMAHalfConvCplt      0x800'1935    0xa  Code  Lc  stm32f0xx_hal_adc.o [4]
ADC_Enable               0x800'182d   0x76  Code  Lc  stm32f0xx_hal_adc.o [4]
AHBPrescTable            0x800'2134   0x10  Data  Gb  system_stm32f0xx.o [3]
CSTACK$$Base            0x2000'0178          --   Gb  - Linker created -
CSTACK$$Limit           0x2000'0578          --   Gb  - Linker created -
DMA1_Channel1_IRQHandler
                         0x800'2009    0xa  Code  Gb  stm32f0xx_it.o [2]
DMA_CalcBaseAndBitshift
                         0x800'1367   0x1a  Code  Lc  stm32f0xx_hal_dma.o [4]
DMA_SetConfig            0x800'1345   0x22  Code  Lc  stm32f0xx_hal_dma.o [4]
Error_Handler            0x800'0ff9    0xa  Code  Gb  main.o [2]
HAL_ADC_ConfigChannel    0x800'172d   0xf0  Code  Gb  stm32f0xx_hal_adc.o [4]
HAL_ADC_ConvCpltCallback
                         0x800'0ef9   0xc8  Code  Gb  main.o [2]
HAL_ADC_ConvHalfCpltCallback
                         0x800'1ff1    0x2  Code  Gb  stm32f0xx_hal_adc.o [4]
HAL_ADC_ErrorCallback    0x800'1fe3    0x2  Code  Gb  stm32f0xx_hal_adc.o [4]
HAL_ADC_IRQHandler       0x800'1655   0xd8  Code  Gb  stm32f0xx_hal_adc.o [4]
HAL_ADC_Init             0x800'1451  0x164  Code  Gb  stm32f0xx_hal_adc.o [4]
HAL_ADC_LevelOutOfWindowCallback
                         0x800'1fe1    0x2  Code  Gb  stm32f0xx_hal_adc.o [4]
HAL_ADC_MspInit          0x800'080b   0x94  Code  Gb  stm32f0xx_hal_msp.o [2]
HAL_ADC_Start_DMA        0x800'15c1   0x8e  Code  Gb  stm32f0xx_hal_adc.o [4]
HAL_DMA_IRQHandler       0x800'1285   0xc0  Code  Gb  stm32f0xx_hal_dma.o [4]
HAL_DMA_Init             0x800'11c5   0x4c  Code  Gb  stm32f0xx_hal_dma.o [4]
HAL_DMA_Start_IT         0x800'1215   0x70  Code  Gb  stm32f0xx_hal_dma.o [4]
HAL_Delay                0x800'1a11   0x28  Code  Gb  stm32f0xx_hal.o [4]
HAL_GPIO_Init            0x800'101d  0x174  Code  Gb  stm32f0xx_hal_gpio.o [4]
HAL_GPIO_TogglePin       0x800'119d   0x10  Code  Gb  stm32f0xx_hal_gpio.o [4]
HAL_GPIO_WritePin        0x800'1191    0xc  Code  Gb  stm32f0xx_hal_gpio.o [4]
HAL_GetTick              0x800'1fe5    0xc  Code  Gb  stm32f0xx_hal.o [4]
HAL_IncTick              0x800'2035   0x10  Code  Gb  stm32f0xx_hal.o [4]
HAL_Init                 0x800'1431   0x1a  Code  Gb  stm32f0xx_hal.o [4]
HAL_InitTick             0x800'1f9d   0x44  Code  Gb  stm32f0xx_hal.o [4]
HAL_MspInit              0x800'07e1   0x2a  Code  Gb  stm32f0xx_hal_msp.o [2]
HAL_NVIC_EnableIRQ       0x800'13cb   0x12  Code  Gb  stm32f0xx_hal_cortex.o [4]
HAL_NVIC_SetPriority     0x800'13c3    0x8  Code  Gb  stm32f0xx_hal_cortex.o [4]
HAL_NVIC_SystemReset     0x800'13dd   0x12  Code  Gb  stm32f0xx_hal_cortex.o [4]
HAL_RCC_ClockConfig      0x800'1dc5   0xfc  Code  Gb  stm32f0xx_hal_rcc.o [4]
HAL_RCC_GetSysClockFreq
                         0x800'1ec9   0x3a  Code  Gb  stm32f0xx_hal_rcc.o [4]
HAL_RCC_GetSysClockFreq::aPLLMULFactorTable
                         0x800'1f2c   0x10  Data  Lc  stm32f0xx_hal_rcc.o [4]
HAL_RCC_GetSysClockFreq::aPredivFactorTable
                         0x800'1f3c   0x10  Data  Lc  stm32f0xx_hal_rcc.o [4]
HAL_RCC_OscConfig        0x800'1a39  0x37e  Code  Gb  stm32f0xx_hal_rcc.o [4]
HAL_SYSTICK_Config       0x800'13ef   0x28  Code  Gb  stm32f0xx_hal_cortex.o [4]
HAL_TIMEx_BreakCallback
                         0x800'1003    0x2  Code  Gb  stm32f0xx_hal_tim_ex.o [4]
HAL_TIMEx_CommutCallback
                         0x800'1007    0x2  Code  Gb  stm32f0xx_hal_tim_ex.o [4]
HAL_TIMEx_MasterConfigSynchronization
                         0x800'1959   0x4e  Code  Gb  stm32f0xx_hal_tim_ex.o [4]
HAL_TIM_Base_Init        0x800'00b1   0x1e  Code  Gb  stm32f0xx_hal_tim.o [4]
HAL_TIM_Base_MspInit     0x800'089f   0x30  Code  Gb  stm32f0xx_hal_msp.o [2]
HAL_TIM_ConfigClockSource
                         0x800'0439   0xba  Code  Gb  stm32f0xx_hal_tim.o [4]
HAL_TIM_IC_CaptureCallback
                         0x800'095f    0x2  Code  Gb  stm32f0xx_hal_tim.o [4]
HAL_TIM_IRQHandler       0x800'0221  0x152  Code  Gb  stm32f0xx_hal_tim.o [4]
HAL_TIM_MspPostInit      0x800'08cf   0x6e  Code  Gb  stm32f0xx_hal_msp.o [2]
HAL_TIM_OC_DelayElapsedCallback
                         0x800'0961    0x2  Code  Gb  stm32f0xx_hal_tim.o [4]
HAL_TIM_PWM_ConfigChannel
                         0x800'0373   0xc0  Code  Gb  stm32f0xx_hal_tim.o [4]
HAL_TIM_PWM_Init         0x800'010b   0x1e  Code  Gb  stm32f0xx_hal_tim.o [4]
HAL_TIM_PWM_MspInit      0x800'095d    0x2  Code  Gb  stm32f0xx_hal_tim.o [4]
HAL_TIM_PWM_PulseFinishedCallback
                         0x800'0963    0x2  Code  Gb  stm32f0xx_hal_tim.o [4]
HAL_TIM_PWM_Start        0x800'0129   0x48  Code  Gb  stm32f0xx_hal_tim.o [4]
HAL_TIM_PeriodElapsedCallback
                         0x800'0cd1  0x222  Code  Gb  main.o [2]
HAL_TIM_TriggerCallback
                         0x800'1005    0x2  Code  Gb  stm32f0xx_hal_tim.o [4]
HardFault_Handler        0x800'1ffb    0x2  Code  Gb  stm32f0xx_it.o [2]
NMI_Handler              0x800'1ff9    0x2  Code  Gb  stm32f0xx_it.o [2]
PendSV_Handler           0x800'1fff    0x2  Code  Gb  stm32f0xx_it.o [2]
Region$$Table$$Base      0x800'20a8          --   Gb  - Linker created -
Region$$Table$$Limit     0x800'20c8          --   Gb  - Linker created -
SVC_Handler              0x800'1ffd    0x2  Code  Gb  stm32f0xx_it.o [2]
SysTick_Handler          0x800'2001    0x8  Code  Gb  stm32f0xx_it.o [2]
SystemClock_Config       0x800'0c6d   0x64  Code  Gb  main.o [2]
SystemCoreClock         0x2000'0090    0x4  Data  Gb  system_stm32f0xx.o [3]
SystemInit               0x800'2131    0x2  Code  Gb  system_stm32f0xx.o [3]
TIM3_IRQHandler          0x800'201d    0xa  Code  Gb  stm32f0xx_it.o [2]
TIM_Base_SetConfig       0x800'04f9   0x64  Code  Gb  stm32f0xx_hal_tim.o [4]
TIM_CCxChannelCmd        0x800'0789   0x1a  Code  Gb  stm32f0xx_hal_tim.o [4]
TIM_ETR_SetConfig        0x800'073f   0x14  Code  Gb  stm32f0xx_hal_tim.o [4]
TIM_ITRx_SetConfig       0x800'072f   0x10  Code  Lc  stm32f0xx_hal_tim.o [4]
TIM_OC1_SetConfig        0x800'055f   0x68  Code  Lc  stm32f0xx_hal_tim.o [4]
TIM_OC2_SetConfig        0x800'05c7   0x62  Code  Gb  stm32f0xx_hal_tim.o [4]
TIM_OC3_SetConfig        0x800'0629   0x5e  Code  Lc  stm32f0xx_hal_tim.o [4]
TIM_OC4_SetConfig        0x800'0687   0x4c  Code  Lc  stm32f0xx_hal_tim.o [4]
TIM_TI1_ConfigInputStage
                         0x800'06e9   0x22  Code  Lc  stm32f0xx_hal_tim.o [4]
TIM_TI2_ConfigInputStage
                         0x800'070b   0x24  Code  Lc  stm32f0xx_hal_tim.o [4]
__ICFEDIT_region_RAM_end__ {Abs}
                        0x2000'0fff         Data  Gb  <internal module>
__ICFEDIT_region_RAM_start__ {Abs}
                        0x2000'0000         Data  Gb  <internal module>
__NVIC_SetPriority       0x800'1389   0x3a  Code  Lc  stm32f0xx_hal_cortex.o [4]
__aeabi_idiv0            0x800'1ff5         Code  Gb  IntDivZer.o [6]
__aeabi_memset           0x800'1f4d         Code  Gb  ABImemset.o [6]
__cmain                  0x800'20c9         Code  Gb  cmain.o [6]
__exit                   0x800'2101   0x14  Code  Gb  exit.o [7]
__iar_Memset4_word       0x800'1f6d         Code  Gb  ABImemset.o [6]
__iar_Memset_word        0x800'1f59         Code  Gb  ABImemset.o [6]
__iar_data_init3         0x800'2081   0x28  Code  Gb  data_init.o [6]
__iar_packbits_init_single3
                         0x800'07a3   0x3e  Code  Gb  packbits_init_single.o [6]
__iar_program_start      0x800'2115         Code  Gb  cstartup_M.o [6]
__iar_small_idiv         0x800'19b1         Code  Gb  I32DivMod.o [6]
__iar_small_idivmod      0x800'19b1         Code  Gb  I32DivMod.o [6]
__iar_small_uidiv        0x800'19d9         Code  Gb  I32DivMod.o [6]
__iar_small_uidivmod     0x800'19d9         Code  Gb  I32DivMod.o [6]
__iar_zero_init3         0x800'2045   0x3c  Code  Gb  zero_init3.o [6]
__low_level_init         0x800'20e7    0x4  Code  Gb  low_level_init.o [5]
__vector_table           0x800'0000         Data  Gb  startup_stm32f030x6.o [1]
_call_main               0x800'20d5         Code  Gb  cmain.o [6]
_exit                    0x800'20f5         Code  Gb  cexit.o [6]
activeLowerChannel      0x2000'0080    0x4  Data  Gb  main.o [2]
activeUpperChannel      0x2000'007c    0x4  Data  Gb  main.o [2]
adcReadings             0x2000'0008    0x8  Data  Gb  main.o [2]
adcStatus               0x2000'0000    0x1  Data  Gb  main.o [2]
avgOutCurrFB            0x2000'0100   0x28  Data  Gb  main.o [2]
avgOutCurrentFB         0x2000'002c    0x2  Data  Gb  main.o [2]
avgOutVoltFB            0x2000'00d8   0x28  Data  Gb  main.o [2]
avgOutVoltageFB         0x2000'002a    0x2  Data  Gb  main.o [2]
devOpMode               0x2000'0002    0x1  Data  Gb  main.o [2]
exit                     0x800'20eb    0x8  Code  Gb  exit.o [5]
hadc                    0x2000'0094   0x40  Data  Gb  main.o [2]
hdma_adc                0x2000'0130   0x44  Data  Gb  main.o [2]
htim3                   0x2000'0030   0x48  Data  Gb  main.o [2]
ledBlinkCnt             0x2000'0012    0x2  Data  Gb  main.o [2]
ledBlinkDly             0x2000'0028    0x2  Data  Gb  main.o [2]
main                     0x800'0965  0x2ea  Code  Gb  main.o [2]
memset                   0x800'1009   0x14  Code  Gb  memset.o [6]
movAvgArrPtr            0x2000'00d4    0x2  Data  Gb  main.o [2]
numOfAttemptsCnt        0x2000'0004    0x1  Data  Gb  main.o [2]
overloadTimeoutCnt      0x2000'0014    0x2  Data  Gb  main.o [2]
pidCLoopCtrlError       0x2000'0022    0x2  Data  Gb  main.o [2]
pidCLoopCtrlErrorD      0x2000'0024    0x2  Data  Gb  main.o [2]
pidCLoopCtrlErrorDD     0x2000'0026    0x2  Data  Gb  main.o [2]
pidCLoopSetPoint        0x2000'001c    0x2  Data  Gb  main.o [2]
pidPulseWidth           0x2000'0016    0x2  Data  Gb  main.o [2]
pidSamplingCnt          0x2000'0010    0x2  Data  Gb  main.o [2]
pidStatus               0x2000'0001    0x1  Data  Gb  main.o [2]
pidVLoopCtrlError       0x2000'001e    0x2  Data  Gb  main.o [2]
pidVLoopCtrlErrorD      0x2000'0020    0x2  Data  Gb  main.o [2]
pidVLoopSetPoint        0x2000'001a    0x2  Data  Gb  main.o [2]
pwmPulseWidth           0x2000'0018    0x2  Data  Gb  main.o [2]
startUpCnt              0x2000'0078    0x4  Data  Gb  main.o [2]
startUpDelay            0x2000'0005    0x1  Data  Gb  main.o [2]
sumOutCurrFB            0x2000'012c    0x4  Data  Gb  main.o [2]
sumOutVoltFB            0x2000'0128    0x4  Data  Gb  main.o [2]
supplyStatus            0x2000'0003    0x1  Data  Gb  main.o [2]
uwTick                  0x2000'0088    0x4  Data  Gb  stm32f0xx_hal.o [4]
uwTickFreq              0x2000'0084    0x1  Data  Gb  stm32f0xx_hal.o [4]
uwTickPrio              0x2000'008c    0x4  Data  Gb  stm32f0xx_hal.o [4]


[1] = D:\private\Konstantin\Documents\projects\2021.720\src\2172_smps_headlight\EWARM\2172_smps_headlight\Obj\Application\EWARM
[2] = D:\private\Konstantin\Documents\projects\2021.720\src\2172_smps_headlight\EWARM\2172_smps_headlight\Obj\Application\User\Core
[3] = D:\private\Konstantin\Documents\projects\2021.720\src\2172_smps_headlight\EWARM\2172_smps_headlight\Obj\Drivers\CMSIS
[4] = D:\private\Konstantin\Documents\projects\2021.720\src\2172_smps_headlight\EWARM\2172_smps_headlight\Obj\Drivers\STM32F0xx_HAL_Driver
[5] = dl6M_tln.a
[6] = rt6M_tl.a
[7] = shb_l.a

  8'522 bytes of readonly  code memory
     56 bytes of readonly  data memory
  1'396 bytes of readwrite data memory

Errors: none
Warnings: none
